// Jest Snapshot v1, https://goo.gl/fbAQLP

exports[`renders the UI as expected 1`] = `
<div
  className="review"
>
  <p
    className="user-name"
  >
    <span
      className="user-thumbnail"
    >
      <svg
        aria-hidden="true"
        className="svg-inline--fa fa-portrait fa-w-12 "
        data-icon="portrait"
        data-prefix="fas"
        focusable="false"
        role="img"
        style={Object {}}
        viewBox="0 0 384 512"
        xmlns="http://www.w3.org/2000/svg"
      >
        <path
          d="M336 0H48C21.5 0 0 21.5 0 48v416c0 26.5 21.5 48 48 48h288c26.5 0 48-21.5 48-48V48c0-26.5-21.5-48-48-48zM192 128c35.3 0 64 28.7 64 64s-28.7 64-64 64-64-28.7-64-64 28.7-64 64-64zm112 236.8c0 10.6-10 19.2-22.4 19.2H102.4C90 384 80 375.4 80 364.8v-19.2c0-31.8 30.1-57.6 67.2-57.6h5c12.3 5.1 25.7 8 39.8 8s27.6-2.9 39.8-8h5c37.1 0 67.2 25.8 67.2 57.6v19.2z"
          fill="currentColor"
          style={Object {}}
        />
      </svg>
    </span>
     
    <span
      className="username"
    >
       
    </span>
  </p>
  <p>
    posted: 
    NaN/NaN/NaN
  </p>
  <h2
    className="band-name"
  />
  <h4
    className="tagline"
  />
  <p>
    Venue: 
  </p>
  <p>
    Date: 
    NaN/NaN/NaN
  </p>
  <div
    className="rating"
  >
    <span />
    <span />
    <span />
    <span />
    <span />
  </div>
  <div
    className="review-content"
  />
</div>
`;
