// Jest Snapshot v1, https://goo.gl/fbAQLP

exports[`renders UI as exptected 1`] = `
<div
  className="container"
>
  <nav
    className="nav-wrapper"
    role="navigation"
  >
    <div
      className="hamburger-icon"
    >
      <button
        id="toggle-button"
      >
        <div
          style={
            Object {
              "background": "white",
              "height": "3px",
              "marginBottom": "5px",
              "transform": "none",
              "transformOrigin": "top left",
              "transition": "all 0.3s ease",
              "width": "20px",
              "zIndex": 10,
            }
          }
        />
        <div
          style={
            Object {
              "background": "white",
              "height": "3px",
              "opacity": 1,
              "transform": "none",
              "transition": "all 0.3s ease",
              "width": "20px",
              "zIndex": 10,
            }
          }
        />
        <div
          style={
            Object {
              "background": "white",
              "height": "3px",
              "marginTop": "5px",
              "transform": "none",
              "transformOrigin": "top left",
              "transition": "all 0.3s ease",
              "width": "20px",
              "zIndex": 10,
            }
          }
        />
      </button>
    </div>
    <div
      id="logo"
    >
      LIVEMODO
    </div>
    <div
      className="spacer"
    />
    <div
      className="nav-links"
    >
      <ul>
        <li>
          <a
            aria-current="page"
            className="active"
            href="/"
            onClick={[Function]}
            style={Object {}}
          >
            Home
          </a>
        </li>
        <li>
          <a
            aria-current={null}
            href="/browse"
            onClick={[Function]}
          >
            Browse Reviews
          </a>
        </li>
        <li>
          <a
            aria-current={null}
            href="/login"
            onClick={[Function]}
          >
            Log in
          </a>
        </li>
      </ul>
    </div>
  </nav>
</div>
`;
