// Jest Snapshot v1, https://goo.gl/fbAQLP

exports[`renders the UI as expected 1`] = `
<button
  className="toggle_button"
>
  <div
    className="toggle_button_line"
  />
  <div
    className="toggle_button_line"
  />
  <div
    className="toggle_button_line"
  />
</button>
`;
