// Jest Snapshot v1, https://goo.gl/fbAQLP

exports[`renders UI as expected 1`] = `
<div>
  <footer
    className="footer"
  >
    Â©All rights reserved to Ben Cohen 2019
  </footer>
</div>
`;
