// Jest Snapshot v1, https://goo.gl/fbAQLP

exports[`render UI as expected 1`] = `
<div
  className="spinner-3"
/>
`;
